|    in     |  out1 |  out2 |
|   00000   |   1   |   0   |
|   00010   |   1   |   1   |
|   01001   |   1   |   1   |
|   01110   |   1   |   1   |
|   10000   |   0   |   0   |
|   10111   |   0   |   1   |
|   11001   |   0   |   1   |
|   10100   |   0   |   1   |
|   11111   |   0   |   1   |

